Parsing SuperLearner FPI arguments...
--model_dir
--predict_var
--num_inputs
--corr_cutoff
--predict_data
Submodels within SuperLearner and their weights:
['nusvr-rbf', 'nusvr-lin', 'nusvr-poly', 'nusvr-sig', 'knn-uni', 'knn-dist', 'pls', 'mlp', 'ridge', 'lasso', 'linear', 'enet', 'huber', 'xgb', 'etr']
[0.         0.         0.         0.         0.         0.6800839
 0.         0.00639794 0.         0.13681134 0.         0.
 0.         0.0287857  0.        ]
Did not detect any one-hot features.
Started with 25 features.
Finishing with 18 features in 3 groups.
Mean_DO_mg_per_L,Mean_DO_percent_saturation;RA_ms_di,RA_SO,RA_dm,RA_ms_av,dor_pc_pva;slp_dg_cav,gwt_cm_cav,ele_mt_cav,Mean_Temp_Deg_C,tmp_dc_cyr,prm_pc_cse,tmp_dc_cdi,for_pc_cse,run_mm_cyr,pre_mm_cyr,pre_mm_cdi
Loading model for job: 0
FPI on stacked ensemble...
FPI on ML model: knn-dist...
FPI on ML model: lasso...
                                                    Avg_Ratiostack0  Std_Ratiostack0
Feature                                                                             
Mean_DO_mg_per_L,Mean_DO_percent_saturation                1.158987         0.025947
RA_ms_di,RA_SO,RA_dm,RA_ms_av,dor_pc_pva                   1.358782         0.032906
slp_dg_cav,gwt_cm_cav,ele_mt_cav,Mean_Temp_Deg_...         1.603251         0.063922
crp_pc_cse                                                 1.107644         0.019208
pH                                                         1.164289         0.020799
gla_pc_cse                                                 1.002269         0.006506
ppd_pk_cav                                                 1.056482         0.014273
sgr_dk_rav                                                 1.038970         0.018860
pst_pc_cse                                                 1.094331         0.021955
ire_pc_cse                                                 1.032439         0.018943
--------knn-dist---------
Feature
Mean_DO_mg_per_L,Mean_DO_percent_saturation                                                                                      1.155072
RA_ms_di,RA_SO,RA_dm,RA_ms_av,dor_pc_pva                                                                                         1.449117
slp_dg_cav,gwt_cm_cav,ele_mt_cav,Mean_Temp_Deg_C,tmp_dc_cyr,prm_pc_cse,tmp_dc_cdi,for_pc_cse,run_mm_cyr,pre_mm_cyr,pre_mm_cdi    1.796698
crp_pc_cse                                                                                                                       1.106104
pH                                                                                                                               1.194950
gla_pc_cse                                                                                                                       1.004592
ppd_pk_cav                                                                                                                       1.044678
sgr_dk_rav                                                                                                                       1.029074
pst_pc_cse                                                                                                                       1.086631
ire_pc_cse                                                                                                                       1.028005
Name: Avg_Ratioknn-dist0, dtype: float64
--------lasso---------
Feature
Mean_DO_mg_per_L,Mean_DO_percent_saturation                                                                                      1.000000
RA_ms_di,RA_SO,RA_dm,RA_ms_av,dor_pc_pva                                                                                         1.000000
slp_dg_cav,gwt_cm_cav,ele_mt_cav,Mean_Temp_Deg_C,tmp_dc_cyr,prm_pc_cse,tmp_dc_cdi,for_pc_cse,run_mm_cyr,pre_mm_cyr,pre_mm_cdi    1.017849
crp_pc_cse                                                                                                                       1.000000
pH                                                                                                                               1.000000
gla_pc_cse                                                                                                                       1.000307
ppd_pk_cav                                                                                                                       1.000000
sgr_dk_rav                                                                                                                       1.000000
pst_pc_cse                                                                                                                       1.000000
ire_pc_cse                                                                                                                       1.000000
Name: Avg_Ratiolasso0, dtype: float32
