1.5.1
Parsing SuperLearner input arguments...
--conda_sh
--superlearner_conf
--n_jobs
--num_inputs
--predict_var
--cross_val_score
--model_dir
--hpo
--smogn
--data
--groups
--backend
NOTICE: Filling any NaN with mean values!
NaN in training data will cause a crash.
Loading SuperLearner configuration...
Loading from: /home/pwdemo.stefan/sl_core/sample_inputs/superlearner_conf.py
Dirname:  /home/pwdemo.stefan/sl_core/sample_inputs
Basename: superlearner_conf
Running HPO for output Normalized_Respiration_Rate_mg_DO_per_H_per_L_sediment and estimator nusvr-rbf
Running HPO for output Normalized_Respiration_Rate_mg_DO_per_H_per_L_sediment and estimator nusvr-lin
Running HPO for output Normalized_Respiration_Rate_mg_DO_per_H_per_L_sediment and estimator nusvr-poly
Running HPO for output Normalized_Respiration_Rate_mg_DO_per_H_per_L_sediment and estimator nusvr-sig
Running HPO for output Normalized_Respiration_Rate_mg_DO_per_H_per_L_sediment and estimator knn-uni
Running HPO for output Normalized_Respiration_Rate_mg_DO_per_H_per_L_sediment and estimator knn-dist
Running HPO for output Normalized_Respiration_Rate_mg_DO_per_H_per_L_sediment and estimator pls
Running HPO for output Normalized_Respiration_Rate_mg_DO_per_H_per_L_sediment and estimator mlp
Running HPO for output Normalized_Respiration_Rate_mg_DO_per_H_per_L_sediment and estimator ridge
Running HPO for output Normalized_Respiration_Rate_mg_DO_per_H_per_L_sediment and estimator lasso
Running HPO for output Normalized_Respiration_Rate_mg_DO_per_H_per_L_sediment and estimator linear
Running HPO for output Normalized_Respiration_Rate_mg_DO_per_H_per_L_sediment and estimator enet
Running HPO for output Normalized_Respiration_Rate_mg_DO_per_H_per_L_sediment and estimator huber
Running HPO for output Normalized_Respiration_Rate_mg_DO_per_H_per_L_sediment and estimator xgb
Running HPO for output Normalized_Respiration_Rate_mg_DO_per_H_per_L_sediment and estimator etr
Defining estimator for output: Normalized_Respiration_Rate_mg_DO_per_H_per_L_sediment
Training estimator for output: Normalized_Respiration_Rate_mg_DO_per_H_per_L_sediment
Cross-validation metrics:
{
    "Normalized_Respiration_Rate_mg_DO_per_H_per_L_sediment": {
        "all": [
            -1.2755117965179146,
            -0.3900592942790937,
            -0.05824648397083565,
            -1.2987610582662303,
            -2.3105153178055966
        ],
        "mean": -1.0666187901679343,
        "std": 0.7898547146901644
    }
}
Statistics of the cross-validation metrics:
Evaluating estimator for output: Normalized_Respiration_Rate_mg_DO_per_H_per_L_sediment
Evaluating estimator on holdout(test) high/low set for output: Normalized_Respiration_Rate_mg_DO_per_H_per_L_sediment
Evaluating the SuperLearner on a test(holdout) set with a high and low respiration rate split failed: Found array with 0 sample(s) (shape=(0, 25)) while a minimum of 1 is required by StandardScaler.
Hold out metrics:
{
    "Normalized_Respiration_Rate_mg_DO_per_H_per_L_sediment": -0.6393298383611576
}
Evaluating estimator for output: Normalized_Respiration_Rate_mg_DO_per_H_per_L_sediment
Classical metrics:
{
    "Normalized_Respiration_Rate_mg_DO_per_H_per_L_sediment": 0.01502034756524362
}
Save train/test data
