Parsing SuperLearner FPI arguments...
--model_dir
--predict_var
--num_inputs
--corr_cutoff
--predict_data
Submodels within SuperLearner and their weights:
['nusvr-rbf', 'nusvr-lin', 'nusvr-poly', 'nusvr-sig', 'knn-uni', 'knn-dist', 'pls', 'mlp', 'ridge', 'lasso', 'linear', 'enet', 'huber', 'xgb', 'etr']
[0.         0.         2.99139961 0.23907744 0.         0.06796024
 0.         0.         0.         0.         0.         0.
 0.         0.03446908 0.58619826]
Did not detect any one-hot features.
Started with 25 features.
Finishing with 19 features in 4 groups.
pre_mm_cyr,run_mm_cyr,pre_mm_cdi,tmp_dc_cdi,pst_pc_cse;RA_dm,RA_SO,RA_ms_di,RA_ms_av,dor_pc_pva;Mean_DO_mg_per_L,Mean_DO_percent_saturation;tmp_dc_cyr,Mean_Temp_Deg_C,gwt_cm_cav,slp_dg_cav,ele_mt_cav,for_pc_cse,prm_pc_cse
Loading model for job: 0
FPI on stacked ensemble...
FPI on ML model: nusvr-poly...
FPI on ML model: nusvr-sig...
FPI on ML model: etr...
                                                    Avg_Ratiostack0  Std_Ratiostack0
Feature                                                                             
pre_mm_cyr,run_mm_cyr,pre_mm_cdi,tmp_dc_cdi,pst...         1.098880         0.008002
RA_dm,RA_SO,RA_ms_di,RA_ms_av,dor_pc_pva                   1.178778         0.017371
Mean_DO_mg_per_L,Mean_DO_percent_saturation                1.061531         0.006097
tmp_dc_cyr,Mean_Temp_Deg_C,gwt_cm_cav,slp_dg_ca...         1.266648         0.024524
crp_pc_cse                                                 1.051702         0.004298
ire_pc_cse                                                 1.031538         0.003483
pH                                                         1.049316         0.006254
gla_pc_cse                                                 1.000290         0.000493
ppd_pk_cav                                                 1.031367         0.005012
sgr_dk_rav                                                 1.012422         0.001987
--------nusvr-poly---------
Feature
pre_mm_cyr,run_mm_cyr,pre_mm_cdi,tmp_dc_cdi,pst_pc_cse                               1.009845
RA_dm,RA_SO,RA_ms_di,RA_ms_av,dor_pc_pva                                             1.024393
Mean_DO_mg_per_L,Mean_DO_percent_saturation                                          1.009146
tmp_dc_cyr,Mean_Temp_Deg_C,gwt_cm_cav,slp_dg_cav,ele_mt_cav,for_pc_cse,prm_pc_cse    1.016273
crp_pc_cse                                                                           1.005998
ire_pc_cse                                                                           1.006868
pH                                                                                   1.004480
gla_pc_cse                                                                           1.000000
ppd_pk_cav                                                                           1.003049
sgr_dk_rav                                                                           1.000307
Name: Avg_Rationusvr-poly0, dtype: float64
--------nusvr-sig---------
Feature
pre_mm_cyr,run_mm_cyr,pre_mm_cdi,tmp_dc_cdi,pst_pc_cse                               0.988794
RA_dm,RA_SO,RA_ms_di,RA_ms_av,dor_pc_pva                                             1.003195
Mean_DO_mg_per_L,Mean_DO_percent_saturation                                          0.994344
tmp_dc_cyr,Mean_Temp_Deg_C,gwt_cm_cav,slp_dg_cav,ele_mt_cav,for_pc_cse,prm_pc_cse    1.020706
crp_pc_cse                                                                           0.996675
ire_pc_cse                                                                           0.999223
pH                                                                                   1.004144
gla_pc_cse                                                                           1.000000
ppd_pk_cav                                                                           0.999569
sgr_dk_rav                                                                           1.002236
Name: Avg_Rationusvr-sig0, dtype: float64
--------etr---------
Feature
pre_mm_cyr,run_mm_cyr,pre_mm_cdi,tmp_dc_cdi,pst_pc_cse                               1.013721
RA_dm,RA_SO,RA_ms_di,RA_ms_av,dor_pc_pva                                             1.014617
Mean_DO_mg_per_L,Mean_DO_percent_saturation                                          1.003865
tmp_dc_cyr,Mean_Temp_Deg_C,gwt_cm_cav,slp_dg_cav,ele_mt_cav,for_pc_cse,prm_pc_cse    1.213234
crp_pc_cse                                                                           1.013390
ire_pc_cse                                                                           1.000177
pH                                                                                   1.017201
gla_pc_cse                                                                           1.000000
ppd_pk_cav                                                                           1.004057
sgr_dk_rav                                                                           1.001337
Name: Avg_Ratioetr0, dtype: float64
