1.5.1
Parsing SuperLearner input arguments...
--conda_sh
--superlearner_conf
--n_jobs
--num_inputs
--predict_var
--cross_val_score
--model_dir
--hpo
--smogn
--data
--groups
--backend
NOTICE: Filling any NaN with mean values!
NaN in training data will cause a crash.
Loading SuperLearner configuration...
Loading from: /home/pwdemo.stefan/sl_core/sample_inputs/superlearner_conf.py
Dirname:  /home/pwdemo.stefan/sl_core/sample_inputs
Basename: superlearner_conf
Running HPO for output Normalized_Respiration_Rate_mg_DO_per_H_per_L_sediment and estimator nusvr-rbf
Running HPO for output Normalized_Respiration_Rate_mg_DO_per_H_per_L_sediment and estimator nusvr-lin
Running HPO for output Normalized_Respiration_Rate_mg_DO_per_H_per_L_sediment and estimator nusvr-poly
Running HPO for output Normalized_Respiration_Rate_mg_DO_per_H_per_L_sediment and estimator nusvr-sig
Running HPO for output Normalized_Respiration_Rate_mg_DO_per_H_per_L_sediment and estimator knn-uni
Running HPO for output Normalized_Respiration_Rate_mg_DO_per_H_per_L_sediment and estimator knn-dist
Running HPO for output Normalized_Respiration_Rate_mg_DO_per_H_per_L_sediment and estimator pls
Running HPO for output Normalized_Respiration_Rate_mg_DO_per_H_per_L_sediment and estimator mlp
Running HPO for output Normalized_Respiration_Rate_mg_DO_per_H_per_L_sediment and estimator ridge
Running HPO for output Normalized_Respiration_Rate_mg_DO_per_H_per_L_sediment and estimator lasso
Running HPO for output Normalized_Respiration_Rate_mg_DO_per_H_per_L_sediment and estimator linear
Running HPO for output Normalized_Respiration_Rate_mg_DO_per_H_per_L_sediment and estimator enet
Running HPO for output Normalized_Respiration_Rate_mg_DO_per_H_per_L_sediment and estimator huber
Running HPO for output Normalized_Respiration_Rate_mg_DO_per_H_per_L_sediment and estimator xgb
Running HPO for output Normalized_Respiration_Rate_mg_DO_per_H_per_L_sediment and estimator etr
Defining estimator for output: Normalized_Respiration_Rate_mg_DO_per_H_per_L_sediment
Training estimator for output: Normalized_Respiration_Rate_mg_DO_per_H_per_L_sediment
Cross-validation metrics:
{
    "Normalized_Respiration_Rate_mg_DO_per_H_per_L_sediment": {
        "all": [
            -0.13650010356645748,
            -0.04715035745075968,
            0.01076430502200787,
            -0.06100750662357535,
            -0.41358574692838745
        ],
        "mean": -0.12949588190943442,
        "std": 0.14959978176001573
    }
}
Statistics of the cross-validation metrics:
Evaluating estimator for output: Normalized_Respiration_Rate_mg_DO_per_H_per_L_sediment
Evaluating estimator on holdout(test) high/low set for output: Normalized_Respiration_Rate_mg_DO_per_H_per_L_sediment
Hold out metrics:
{
    "Normalized_Respiration_Rate_mg_DO_per_H_per_L_sediment": 0.03224170368273971,
    "Normalized_Respiration_Rate_mg_DO_per_H_per_L_sediment_high": -4.596535654700068,
    "Normalized_Respiration_Rate_mg_DO_per_H_per_L_sediment_low": -706.1689461442138
}
Evaluating estimator for output: Normalized_Respiration_Rate_mg_DO_per_H_per_L_sediment
Classical metrics:
{
    "Normalized_Respiration_Rate_mg_DO_per_H_per_L_sediment": 0.4451773526997561
}
Save train/test data
