Parsing SuperLearner FPI arguments...
--model_dir
--predict_var
--num_inputs
--corr_cutoff
--predict_data
Submodels within SuperLearner and their weights:
['nusvr-rbf', 'nusvr-lin', 'nusvr-poly', 'nusvr-sig', 'knn-uni', 'knn-dist', 'pls', 'mlp', 'ridge', 'lasso', 'linear', 'enet', 'huber', 'xgb', 'etr']
[0.         3.33919891 0.         2.78537794 0.         0.
 0.04364336 0.14353072 0.05595726 0.         0.01461268 0.2350642
 0.         0.         0.        ]
Did not detect any one-hot features.
Started with 25 features.
Finishing with 18 features in 3 groups.
Mean_DO_mg_per_L,Mean_DO_percent_saturation;RA_SO,RA_ms_di,RA_dm,RA_ms_av,dor_pc_pva;pre_mm_cyr,run_mm_cyr,Mean_Temp_Deg_C,tmp_dc_cyr,prm_pc_cse,slp_dg_cav,gwt_cm_cav,ele_mt_cav,tmp_dc_cdi,pre_mm_cdi,for_pc_cse
Loading model for job: 0
FPI on stacked ensemble...
FPI on ML model: nusvr-lin...
FPI on ML model: nusvr-sig...
FPI on ML model: mlp...
FPI on ML model: enet...
                                                    Avg_Ratiostack0  Std_Ratiostack0
Feature                                                                             
Mean_DO_mg_per_L,Mean_DO_percent_saturation                1.007532         0.007776
RA_SO,RA_ms_di,RA_dm,RA_ms_av,dor_pc_pva                   1.011827         0.024308
pre_mm_cyr,run_mm_cyr,Mean_Temp_Deg_C,tmp_dc_cy...         1.119059         0.036592
ire_pc_cse                                                 0.996808         0.005545
pst_pc_cse                                                 1.000590         0.001494
gla_pc_cse                                                 1.000242         0.003564
crp_pc_cse                                                 0.996600         0.002713
sgr_dk_rav                                                 1.014322         0.009674
pH                                                         0.997652         0.001549
ppd_pk_cav                                                 1.004312         0.010421
--------nusvr-lin---------
Feature
Mean_DO_mg_per_L,Mean_DO_percent_saturation                                                                                      1.000247
RA_SO,RA_ms_di,RA_dm,RA_ms_av,dor_pc_pva                                                                                         1.000958
pre_mm_cyr,run_mm_cyr,Mean_Temp_Deg_C,tmp_dc_cyr,prm_pc_cse,slp_dg_cav,gwt_cm_cav,ele_mt_cav,tmp_dc_cdi,pre_mm_cdi,for_pc_cse    1.003521
ire_pc_cse                                                                                                                       1.000571
pst_pc_cse                                                                                                                       0.999820
gla_pc_cse                                                                                                                       1.000000
crp_pc_cse                                                                                                                       1.000104
sgr_dk_rav                                                                                                                       1.000074
pH                                                                                                                               1.000184
ppd_pk_cav                                                                                                                       0.999946
Name: Avg_Rationusvr-lin0, dtype: float64
--------nusvr-sig---------
Feature
Mean_DO_mg_per_L,Mean_DO_percent_saturation                                                                                      1.002090
RA_SO,RA_ms_di,RA_dm,RA_ms_av,dor_pc_pva                                                                                         0.993652
pre_mm_cyr,run_mm_cyr,Mean_Temp_Deg_C,tmp_dc_cyr,prm_pc_cse,slp_dg_cav,gwt_cm_cav,ele_mt_cav,tmp_dc_cdi,pre_mm_cdi,for_pc_cse    1.015526
ire_pc_cse                                                                                                                       0.998195
pst_pc_cse                                                                                                                       0.999817
gla_pc_cse                                                                                                                       1.001232
crp_pc_cse                                                                                                                       0.998064
sgr_dk_rav                                                                                                                       1.003860
pH                                                                                                                               0.999826
ppd_pk_cav                                                                                                                       1.001221
Name: Avg_Rationusvr-sig0, dtype: float64
--------mlp---------
Feature
Mean_DO_mg_per_L,Mean_DO_percent_saturation                                                                                      1.040139
RA_SO,RA_ms_di,RA_dm,RA_ms_av,dor_pc_pva                                                                                         0.930930
pre_mm_cyr,run_mm_cyr,Mean_Temp_Deg_C,tmp_dc_cyr,prm_pc_cse,slp_dg_cav,gwt_cm_cav,ele_mt_cav,tmp_dc_cdi,pre_mm_cdi,for_pc_cse    0.952335
ire_pc_cse                                                                                                                       1.015786
pst_pc_cse                                                                                                                       1.006251
gla_pc_cse                                                                                                                       0.997453
crp_pc_cse                                                                                                                       1.028461
sgr_dk_rav                                                                                                                       1.043446
pH                                                                                                                               0.977856
ppd_pk_cav                                                                                                                       0.977558
Name: Avg_Ratiomlp0, dtype: float32
--------enet---------
Feature
Mean_DO_mg_per_L,Mean_DO_percent_saturation                                                                                      1.000000
RA_SO,RA_ms_di,RA_dm,RA_ms_av,dor_pc_pva                                                                                         1.052096
pre_mm_cyr,run_mm_cyr,Mean_Temp_Deg_C,tmp_dc_cyr,prm_pc_cse,slp_dg_cav,gwt_cm_cav,ele_mt_cav,tmp_dc_cdi,pre_mm_cdi,for_pc_cse    1.206037
ire_pc_cse                                                                                                                       1.008778
pst_pc_cse                                                                                                                       1.001975
gla_pc_cse                                                                                                                       1.000000
crp_pc_cse                                                                                                                       1.000000
sgr_dk_rav                                                                                                                       1.004181
pH                                                                                                                               1.005216
ppd_pk_cav                                                                                                                       0.994836
Name: Avg_Ratioenet0, dtype: float32
