Parsing SuperLearner FPI arguments...
--model_dir
--predict_var
--num_inputs
--corr_cutoff
--predict_data
Submodels within SuperLearner and their weights:
['nusvr-rbf', 'nusvr-lin', 'nusvr-poly', 'nusvr-sig', 'knn-uni', 'knn-dist', 'pls', 'mlp', 'ridge', 'lasso', 'linear', 'enet', 'huber', 'xgb', 'etr']
[6.9725554  9.62124872 0.         0.         0.13028312 0.
 0.         0.         0.         0.         0.         0.
 0.         0.         0.        ]
Did not detect any one-hot features.
Started with 25 features.
Finishing with 19 features in 5 groups.
run_mm_cyr,pre_mm_cyr,pre_mm_cdi,tmp_dc_cdi;RA_SO,RA_dm,RA_ms_di,RA_ms_av,dor_pc_pva;Mean_DO_percent_saturation,Mean_DO_mg_per_L;slp_dg_cav,gwt_cm_cav,ele_mt_cav,tmp_dc_cyr,Mean_Temp_Deg_C,for_pc_cse;ire_pc_cse,crp_pc_cse
Loading model for job: 0
FPI on stacked ensemble...
FPI on ML model: nusvr-rbf...
FPI on ML model: nusvr-lin...
FPI on ML model: knn-uni...
                                                    Avg_Ratiostack0  Std_Ratiostack0
Feature                                                                             
run_mm_cyr,pre_mm_cyr,pre_mm_cdi,tmp_dc_cdi                1.079999         0.014843
RA_SO,RA_dm,RA_ms_di,RA_ms_av,dor_pc_pva                   1.152126         0.018008
Mean_DO_percent_saturation,Mean_DO_mg_per_L                1.021962         0.003295
slp_dg_cav,gwt_cm_cav,ele_mt_cav,tmp_dc_cyr,Mea...         1.168020         0.020611
ire_pc_cse,crp_pc_cse                                      1.050411         0.010860
prm_pc_cse                                                 1.000204         0.003169
sgr_dk_rav                                                 1.002017         0.001812
pH                                                         1.031271         0.005765
pst_pc_cse                                                 1.023606         0.004960
ppd_pk_cav                                                 1.008676         0.003551
gla_pc_cse                                                 1.000216         0.000412
--------nusvr-rbf---------
Feature
run_mm_cyr,pre_mm_cyr,pre_mm_cdi,tmp_dc_cdi                               1.000247
RA_SO,RA_dm,RA_ms_di,RA_ms_av,dor_pc_pva                                  1.000166
Mean_DO_percent_saturation,Mean_DO_mg_per_L                               1.000076
slp_dg_cav,gwt_cm_cav,ele_mt_cav,tmp_dc_cyr,Mean_Temp_Deg_C,for_pc_cse    1.001370
ire_pc_cse,crp_pc_cse                                                     1.000735
prm_pc_cse                                                                1.000003
sgr_dk_rav                                                                1.000027
pH                                                                        1.000452
pst_pc_cse                                                                1.000046
ppd_pk_cav                                                                1.000092
gla_pc_cse                                                                1.000000
Name: Avg_Rationusvr-rbf0, dtype: float64
--------nusvr-lin---------
Feature
run_mm_cyr,pre_mm_cyr,pre_mm_cdi,tmp_dc_cdi                               1.000484
RA_SO,RA_dm,RA_ms_di,RA_ms_av,dor_pc_pva                                  1.003021
Mean_DO_percent_saturation,Mean_DO_mg_per_L                               1.000761
slp_dg_cav,gwt_cm_cav,ele_mt_cav,tmp_dc_cyr,Mean_Temp_Deg_C,for_pc_cse    1.003326
ire_pc_cse,crp_pc_cse                                                     1.002941
prm_pc_cse                                                                0.999932
sgr_dk_rav                                                                0.999932
pH                                                                        1.001318
pst_pc_cse                                                                1.000123
ppd_pk_cav                                                                1.000546
gla_pc_cse                                                                1.000022
Name: Avg_Rationusvr-lin0, dtype: float64
--------knn-uni---------
Feature
run_mm_cyr,pre_mm_cyr,pre_mm_cdi,tmp_dc_cdi                               2.594640
RA_SO,RA_dm,RA_ms_di,RA_ms_av,dor_pc_pva                                  2.765594
Mean_DO_percent_saturation,Mean_DO_mg_per_L                               1.142890
slp_dg_cav,gwt_cm_cav,ele_mt_cav,tmp_dc_cyr,Mean_Temp_Deg_C,for_pc_cse    3.156775
ire_pc_cse,crp_pc_cse                                                     1.455267
prm_pc_cse                                                                1.000022
sgr_dk_rav                                                                1.033367
pH                                                                        1.282087
pst_pc_cse                                                                1.374172
ppd_pk_cav                                                                1.008522
gla_pc_cse                                                                1.000000
Name: Avg_Ratioknn-uni0, dtype: float32
