Parsing SuperLearner FPI arguments...
--model_dir
--predict_var
--num_inputs
--corr_cutoff
--predict_data
Submodels within SuperLearner and their weights:
['nusvr-rbf', 'nusvr-lin', 'nusvr-poly', 'nusvr-sig', 'knn-uni', 'knn-dist', 'pls', 'mlp', 'ridge', 'lasso', 'linear', 'enet', 'huber', 'xgb', 'etr']
[0.         0.         0.         0.3429841  0.05045328 0.1745619
 0.32312849 0.         0.         0.         0.09074862 0.
 0.         0.         0.3518837 ]
Did not detect any one-hot features.
Started with 25 features.
Finishing with 19 features in 4 groups.
run_mm_cyr,pre_mm_cyr,pre_mm_cdi,tmp_dc_cdi,pst_pc_cse;Mean_DO_mg_per_L,Mean_DO_percent_saturation;RA_SO,RA_ms_di,RA_dm,RA_ms_av;slp_dg_cav,gwt_cm_cav,ele_mt_cav,Mean_Temp_Deg_C,tmp_dc_cyr,for_pc_cse,prm_pc_cse,crp_pc_cse
Loading model for job: 0
FPI on stacked ensemble...
FPI on ML model: nusvr-sig...
FPI on ML model: knn-dist...
FPI on ML model: pls...
FPI on ML model: etr...
                                                    Avg_Ratiostack0  Std_Ratiostack0
Feature                                                                             
run_mm_cyr,pre_mm_cyr,pre_mm_cdi,tmp_dc_cdi,pst...         1.218942         0.020563
Mean_DO_mg_per_L,Mean_DO_percent_saturation                1.097916         0.009151
RA_SO,RA_ms_di,RA_dm,RA_ms_av                              1.211417         0.013297
slp_dg_cav,gwt_cm_cav,ele_mt_cav,Mean_Temp_Deg_...         1.337204         0.026734
dor_pc_pva                                                 1.034274         0.007353
gla_pc_cse                                                 1.001322         0.001794
sgr_dk_rav                                                 1.044627         0.004130
ire_pc_cse                                                 1.056592         0.004515
ppd_pk_cav                                                 1.061138         0.006450
pH                                                         1.094891         0.009261
--------nusvr-sig---------
Feature
run_mm_cyr,pre_mm_cyr,pre_mm_cdi,tmp_dc_cdi,pst_pc_cse                                          0.980849
Mean_DO_mg_per_L,Mean_DO_percent_saturation                                                     0.994238
RA_SO,RA_ms_di,RA_dm,RA_ms_av                                                                   1.015164
slp_dg_cav,gwt_cm_cav,ele_mt_cav,Mean_Temp_Deg_C,tmp_dc_cyr,for_pc_cse,prm_pc_cse,crp_pc_cse    1.018842
dor_pc_pva                                                                                      0.999935
gla_pc_cse                                                                                      1.000426
sgr_dk_rav                                                                                      1.002136
ire_pc_cse                                                                                      1.000286
ppd_pk_cav                                                                                      1.000112
pH                                                                                              1.008804
Name: Avg_Rationusvr-sig0, dtype: float64
--------knn-dist---------
Feature
run_mm_cyr,pre_mm_cyr,pre_mm_cdi,tmp_dc_cdi,pst_pc_cse                                          2.004825
Mean_DO_mg_per_L,Mean_DO_percent_saturation                                                     1.230910
RA_SO,RA_ms_di,RA_dm,RA_ms_av                                                                   1.890110
slp_dg_cav,gwt_cm_cav,ele_mt_cav,Mean_Temp_Deg_C,tmp_dc_cyr,for_pc_cse,prm_pc_cse,crp_pc_cse    2.390486
dor_pc_pva                                                                                      1.128530
gla_pc_cse                                                                                      1.008088
sgr_dk_rav                                                                                      1.112562
ire_pc_cse                                                                                      1.148291
ppd_pk_cav                                                                                      1.186592
pH                                                                                              1.307409
Name: Avg_Ratioknn-dist0, dtype: float64
--------pls---------
Feature
run_mm_cyr,pre_mm_cyr,pre_mm_cdi,tmp_dc_cdi,pst_pc_cse                                          1.011431
Mean_DO_mg_per_L,Mean_DO_percent_saturation                                                     1.027092
RA_SO,RA_ms_di,RA_dm,RA_ms_av                                                                   1.015055
slp_dg_cav,gwt_cm_cav,ele_mt_cav,Mean_Temp_Deg_C,tmp_dc_cyr,for_pc_cse,prm_pc_cse,crp_pc_cse    1.094807
dor_pc_pva                                                                                      0.999516
gla_pc_cse                                                                                      0.999889
sgr_dk_rav                                                                                      0.996668
ire_pc_cse                                                                                      1.004073
ppd_pk_cav                                                                                      1.005070
pH                                                                                              1.010054
Name: Avg_Ratiopls0, dtype: float64
--------etr---------
Feature
run_mm_cyr,pre_mm_cyr,pre_mm_cdi,tmp_dc_cdi,pst_pc_cse                                          1.0
Mean_DO_mg_per_L,Mean_DO_percent_saturation                                                     1.0
RA_SO,RA_ms_di,RA_dm,RA_ms_av                                                                   1.0
slp_dg_cav,gwt_cm_cav,ele_mt_cav,Mean_Temp_Deg_C,tmp_dc_cyr,for_pc_cse,prm_pc_cse,crp_pc_cse    1.0
dor_pc_pva                                                                                      1.0
gla_pc_cse                                                                                      1.0
sgr_dk_rav                                                                                      1.0
ire_pc_cse                                                                                      1.0
ppd_pk_cav                                                                                      1.0
pH                                                                                              1.0
Name: Avg_Ratioetr0, dtype: float64
