Parsing SuperLearner FPI arguments...
--model_dir
--predict_var
--num_inputs
--corr_cutoff
--predict_data
Submodels within SuperLearner and their weights:
['nusvr-rbf', 'nusvr-lin', 'nusvr-poly', 'nusvr-sig', 'knn-uni', 'knn-dist', 'pls', 'mlp', 'ridge', 'lasso', 'linear', 'enet', 'huber', 'xgb', 'etr']
[0.         0.         1.64360045 6.96368167 0.         0.
 0.         0.         0.         0.         0.         0.
 0.         0.         0.        ]
Did not detect any one-hot features.
Started with 25 features.
Finishing with 18 features in 3 groups.
run_mm_cyr,pre_mm_cyr,pre_mm_cdi,tmp_dc_cdi;RA_dm,RA_SO,RA_ms_av,RA_ms_di;Mean_DO_mg_per_L,Mean_DO_percent_saturation,gwt_cm_cav,slp_dg_cav,ele_mt_cav,tmp_dc_cyr,Mean_Temp_Deg_C,ire_pc_cse,crp_pc_cse,for_pc_cse
Loading model for job: 0
FPI on stacked ensemble...
FPI on ML model: nusvr-poly...
FPI on ML model: nusvr-sig...
                                                    Avg_Ratiostack0  Std_Ratiostack0
Feature                                                                             
run_mm_cyr,pre_mm_cyr,pre_mm_cdi,tmp_dc_cdi                0.998016         0.001754
RA_dm,RA_SO,RA_ms_av,RA_ms_di                              0.991734         0.004116
Mean_DO_mg_per_L,Mean_DO_percent_saturation,gwt...         1.010424         0.006427
prm_pc_cse                                                 0.998264         0.000632
dor_pc_pva                                                 1.000632         0.000959
sgr_dk_rav                                                 0.999858         0.000117
pst_pc_cse                                                 0.997727         0.000876
gla_pc_cse                                                 1.009179         0.029295
pH                                                         1.003202         0.002177
ppd_pk_cav                                                 1.001619         0.001621
--------nusvr-poly---------
Feature
run_mm_cyr,pre_mm_cyr,pre_mm_cdi,tmp_dc_cdi                                                                                                 1.000399
RA_dm,RA_SO,RA_ms_av,RA_ms_di                                                                                                               1.001397
Mean_DO_mg_per_L,Mean_DO_percent_saturation,gwt_cm_cav,slp_dg_cav,ele_mt_cav,tmp_dc_cyr,Mean_Temp_Deg_C,ire_pc_cse,crp_pc_cse,for_pc_cse    1.005537
prm_pc_cse                                                                                                                                  0.999734
dor_pc_pva                                                                                                                                  1.000434
sgr_dk_rav                                                                                                                                  1.000016
pst_pc_cse                                                                                                                                  1.000176
gla_pc_cse                                                                                                                                  1.018663
pH                                                                                                                                          1.001152
ppd_pk_cav                                                                                                                                  1.001061
Name: Avg_Rationusvr-poly0, dtype: float64
--------nusvr-sig---------
Feature
run_mm_cyr,pre_mm_cyr,pre_mm_cdi,tmp_dc_cdi                                                                                                 0.999621
RA_dm,RA_SO,RA_ms_av,RA_ms_di                                                                                                               0.998126
Mean_DO_mg_per_L,Mean_DO_percent_saturation,gwt_cm_cav,slp_dg_cav,ele_mt_cav,tmp_dc_cyr,Mean_Temp_Deg_C,ire_pc_cse,crp_pc_cse,for_pc_cse    1.000461
prm_pc_cse                                                                                                                                  1.000035
dor_pc_pva                                                                                                                                  0.999895
sgr_dk_rav                                                                                                                                  0.999925
pst_pc_cse                                                                                                                                  0.999421
gla_pc_cse                                                                                                                                  1.000041
pH                                                                                                                                          1.000935
ppd_pk_cav                                                                                                                                  1.000048
Name: Avg_Rationusvr-sig0, dtype: float64
