Parsing SuperLearner FPI arguments...
--model_dir
--predict_var
--num_inputs
--corr_cutoff
--predict_data
Submodels within SuperLearner and their weights:
['nusvr-rbf', 'nusvr-lin', 'nusvr-poly', 'nusvr-sig', 'knn-uni', 'knn-dist', 'pls', 'mlp', 'ridge', 'lasso', 'linear', 'enet', 'huber', 'xgb', 'etr']
[0.         0.         6.2212737  6.15204115 0.         0.
 0.         0.04036252 0.         0.         0.08040447 0.
 0.         0.         0.        ]
Did not detect any one-hot features.
Started with 25 features.
Finishing with 19 features in 5 groups.
pre_mm_cyr,run_mm_cyr,pre_mm_cdi,tmp_dc_cdi,pst_pc_cse;RA_dm,RA_SO,RA_ms_di,RA_ms_av;Mean_DO_mg_per_L,Mean_DO_percent_saturation;slp_dg_cav,gwt_cm_cav,ele_mt_cav,tmp_dc_cyr,Mean_Temp_Deg_C,for_pc_cse;crp_pc_cse,ire_pc_cse
Loading model for job: 0
FPI on stacked ensemble...
FPI on ML model: nusvr-poly...
FPI on ML model: nusvr-sig...
                                                    Avg_Ratiostack0  Std_Ratiostack0
Feature                                                                             
pre_mm_cyr,run_mm_cyr,pre_mm_cdi,tmp_dc_cdi,pst...         1.085793         0.013151
RA_dm,RA_SO,RA_ms_di,RA_ms_av                              1.059976         0.009954
Mean_DO_mg_per_L,Mean_DO_percent_saturation                1.005278         0.001423
slp_dg_cav,gwt_cm_cav,ele_mt_cav,tmp_dc_cyr,Mea...         1.033729         0.007549
crp_pc_cse,ire_pc_cse                                      1.048601         0.006495
pH                                                         1.004820         0.001112
gla_pc_cse                                                 1.000091         0.000383
prm_pc_cse                                                 1.011319         0.008199
ppd_pk_cav                                                 1.037208         0.010546
sgr_dk_rav                                                 0.999766         0.000239
dor_pc_pva                                                 1.022066         0.009621
--------nusvr-poly---------
Feature
pre_mm_cyr,run_mm_cyr,pre_mm_cdi,tmp_dc_cdi,pst_pc_cse                    1.004091
RA_dm,RA_SO,RA_ms_di,RA_ms_av                                             1.003916
Mean_DO_mg_per_L,Mean_DO_percent_saturation                               1.000986
slp_dg_cav,gwt_cm_cav,ele_mt_cav,tmp_dc_cyr,Mean_Temp_Deg_C,for_pc_cse    1.002167
crp_pc_cse,ire_pc_cse                                                     1.004572
pH                                                                        0.999409
gla_pc_cse                                                                1.000024
prm_pc_cse                                                                1.000016
ppd_pk_cav                                                                1.002881
sgr_dk_rav                                                                0.999954
dor_pc_pva                                                                1.000501
Name: Avg_Rationusvr-poly0, dtype: float64
--------nusvr-sig---------
Feature
pre_mm_cyr,run_mm_cyr,pre_mm_cdi,tmp_dc_cdi,pst_pc_cse                    1.001453
RA_dm,RA_SO,RA_ms_di,RA_ms_av                                             1.000124
Mean_DO_mg_per_L,Mean_DO_percent_saturation                               0.999623
slp_dg_cav,gwt_cm_cav,ele_mt_cav,tmp_dc_cyr,Mean_Temp_Deg_C,for_pc_cse    1.001709
crp_pc_cse,ire_pc_cse                                                     1.000901
pH                                                                        1.000561
gla_pc_cse                                                                1.000000
prm_pc_cse                                                                0.999996
ppd_pk_cav                                                                1.000064
sgr_dk_rav                                                                1.000022
dor_pc_pva                                                                1.000043
Name: Avg_Rationusvr-sig0, dtype: float64
