Parsing SuperLearner FPI arguments...
--model_dir
--predict_var
--num_inputs
--corr_cutoff
--predict_data
Submodels within SuperLearner and their weights:
['nusvr-rbf', 'nusvr-lin', 'nusvr-poly', 'nusvr-sig', 'knn-uni', 'knn-dist', 'pls', 'mlp', 'ridge', 'lasso', 'linear', 'enet', 'huber', 'xgb', 'etr']
[0.         2.25441148 0.         6.20709804 0.         0.16354929
 0.         0.         0.         0.         0.         0.1320172
 0.         0.15924921 0.        ]
Did not detect any one-hot features.
Started with 25 features.
Finishing with 20 features in 3 groups.
Mean_DO_percent_saturation,Mean_DO_mg_per_L;RA_ms_di,RA_SO,RA_dm,RA_ms_av,dor_pc_pva;pre_mm_cyr,run_mm_cyr,pre_mm_cdi,tmp_dc_cdi,pst_pc_cse,slp_dg_cav,gwt_cm_cav,tmp_dc_cyr,Mean_Temp_Deg_C,ele_mt_cav,for_pc_cse,prm_pc_cse,crp_pc_cse
Loading model for job: 0
FPI on stacked ensemble...
FPI on ML model: nusvr-lin...
FPI on ML model: nusvr-sig...
FPI on ML model: knn-dist...
FPI on ML model: enet...
FPI on ML model: xgb...
                                                    Avg_Ratiostack0  Std_Ratiostack0
Feature                                                                             
Mean_DO_percent_saturation,Mean_DO_mg_per_L                1.137026         0.008967
RA_ms_di,RA_SO,RA_dm,RA_ms_av,dor_pc_pva                   1.213277         0.014351
pre_mm_cyr,run_mm_cyr,pre_mm_cdi,tmp_dc_cdi,pst...         1.357558         0.023447
ire_pc_cse                                                 1.089495         0.009780
sgr_dk_rav                                                 1.046672         0.006158
ppd_pk_cav                                                 1.079540         0.009416
gla_pc_cse                                                 1.001235         0.001759
pH                                                         1.093088         0.005520
--------nusvr-lin---------
Feature
Mean_DO_percent_saturation,Mean_DO_mg_per_L                                                                                                            1.003557
RA_ms_di,RA_SO,RA_dm,RA_ms_av,dor_pc_pva                                                                                                               1.004181
pre_mm_cyr,run_mm_cyr,pre_mm_cdi,tmp_dc_cdi,pst_pc_cse,slp_dg_cav,gwt_cm_cav,tmp_dc_cyr,Mean_Temp_Deg_C,ele_mt_cav,for_pc_cse,prm_pc_cse,crp_pc_cse    1.007568
ire_pc_cse                                                                                                                                             1.002113
sgr_dk_rav                                                                                                                                             1.000236
ppd_pk_cav                                                                                                                                             1.002001
gla_pc_cse                                                                                                                                             1.000010
pH                                                                                                                                                     0.999267
Name: Avg_Rationusvr-lin0, dtype: float64
--------nusvr-sig---------
Feature
Mean_DO_percent_saturation,Mean_DO_mg_per_L                                                                                                            0.999598
RA_ms_di,RA_SO,RA_dm,RA_ms_av,dor_pc_pva                                                                                                               0.999395
pre_mm_cyr,run_mm_cyr,pre_mm_cdi,tmp_dc_cdi,pst_pc_cse,slp_dg_cav,gwt_cm_cav,tmp_dc_cyr,Mean_Temp_Deg_C,ele_mt_cav,for_pc_cse,prm_pc_cse,crp_pc_cse    1.000895
ire_pc_cse                                                                                                                                             0.999922
sgr_dk_rav                                                                                                                                             1.000076
ppd_pk_cav                                                                                                                                             1.000228
gla_pc_cse                                                                                                                                             1.000000
pH                                                                                                                                                     1.000318
Name: Avg_Rationusvr-sig0, dtype: float64
--------knn-dist---------
Feature
Mean_DO_percent_saturation,Mean_DO_mg_per_L                                                                                                            1.389083
RA_ms_di,RA_SO,RA_dm,RA_ms_av,dor_pc_pva                                                                                                               2.116203
pre_mm_cyr,run_mm_cyr,pre_mm_cdi,tmp_dc_cdi,pst_pc_cse,slp_dg_cav,gwt_cm_cav,tmp_dc_cyr,Mean_Temp_Deg_C,ele_mt_cav,for_pc_cse,prm_pc_cse,crp_pc_cse    2.997254
ire_pc_cse                                                                                                                                             1.330311
sgr_dk_rav                                                                                                                                             1.186544
ppd_pk_cav                                                                                                                                             1.247301
gla_pc_cse                                                                                                                                             1.007880
pH                                                                                                                                                     1.453265
Name: Avg_Ratioknn-dist0, dtype: float64
--------enet---------
Feature
Mean_DO_percent_saturation,Mean_DO_mg_per_L                                                                                                            1.116797
RA_ms_di,RA_SO,RA_dm,RA_ms_av,dor_pc_pva                                                                                                               1.266344
pre_mm_cyr,run_mm_cyr,pre_mm_cdi,tmp_dc_cdi,pst_pc_cse,slp_dg_cav,gwt_cm_cav,tmp_dc_cyr,Mean_Temp_Deg_C,ele_mt_cav,for_pc_cse,prm_pc_cse,crp_pc_cse    1.376905
ire_pc_cse                                                                                                                                             1.185819
sgr_dk_rav                                                                                                                                             1.001060
ppd_pk_cav                                                                                                                                             1.114429
gla_pc_cse                                                                                                                                             0.999986
pH                                                                                                                                                     1.001551
Name: Avg_Ratioenet0, dtype: float32
--------xgb---------
Feature
Mean_DO_percent_saturation,Mean_DO_mg_per_L                                                                                                            1.161939
RA_ms_di,RA_SO,RA_dm,RA_ms_av,dor_pc_pva                                                                                                               1.066626
pre_mm_cyr,run_mm_cyr,pre_mm_cdi,tmp_dc_cdi,pst_pc_cse,slp_dg_cav,gwt_cm_cav,tmp_dc_cyr,Mean_Temp_Deg_C,ele_mt_cav,for_pc_cse,prm_pc_cse,crp_pc_cse    1.123420
ire_pc_cse                                                                                                                                             1.011508
sgr_dk_rav                                                                                                                                             1.000000
ppd_pk_cav                                                                                                                                             1.002479
gla_pc_cse                                                                                                                                             1.000000
pH                                                                                                                                                     1.000000
Name: Avg_Ratioxgb0, dtype: float32
