Parsing SuperLearner FPI arguments...
--model_dir
--predict_var
--num_inputs
--corr_cutoff
--predict_data
Submodels within SuperLearner and their weights:
['nusvr-rbf', 'nusvr-lin', 'nusvr-poly', 'nusvr-sig', 'knn-uni', 'knn-dist', 'pls', 'mlp', 'ridge', 'lasso', 'linear', 'enet', 'huber', 'xgb', 'etr']
[ 0.          1.53162847  0.          0.          0.          0.10163103
  0.          0.          0.          0.          0.          0.
  0.          0.         14.75485834]
Did not detect any one-hot features.
Started with 25 features.
Finishing with 18 features in 5 groups.
pre_mm_cyr,run_mm_cyr,pre_mm_cdi,tmp_dc_cdi;RA_SO,RA_dm,RA_ms_di,RA_ms_av,dor_pc_pva;gwt_cm_cav,slp_dg_cav,ele_mt_cav,tmp_dc_cyr,Mean_Temp_Deg_C;Mean_DO_mg_per_L,Mean_DO_percent_saturation;ire_pc_cse,crp_pc_cse
Loading model for job: 0
FPI on stacked ensemble...
FPI on ML model: nusvr-lin...
FPI on ML model: knn-dist...
FPI on ML model: etr...
                                                    Avg_Ratiostack0  Std_Ratiostack0
Feature                                                                             
pre_mm_cyr,run_mm_cyr,pre_mm_cdi,tmp_dc_cdi                1.077042         0.003268
RA_SO,RA_dm,RA_ms_di,RA_ms_av,dor_pc_pva                   1.091276         0.004553
gwt_cm_cav,slp_dg_cav,ele_mt_cav,tmp_dc_cyr,Mea...         1.078233         0.004727
Mean_DO_mg_per_L,Mean_DO_percent_saturation                1.045095         0.002994
ire_pc_cse,crp_pc_cse                                      1.072642         0.003815
prm_pc_cse                                                 1.004023         0.002048
sgr_dk_rav                                                 1.019177         0.001515
gla_pc_cse                                                 1.000707         0.000570
ppd_pk_cav                                                 1.018276         0.003342
for_pc_cse                                                 1.115602         0.013296
pst_pc_cse                                                 1.049608         0.003141
pH                                                         1.053991         0.003607
--------nusvr-lin---------
Feature
pre_mm_cyr,run_mm_cyr,pre_mm_cdi,tmp_dc_cdi                    1.000319
RA_SO,RA_dm,RA_ms_di,RA_ms_av,dor_pc_pva                       1.000297
gwt_cm_cav,slp_dg_cav,ele_mt_cav,tmp_dc_cyr,Mean_Temp_Deg_C    1.000553
Mean_DO_mg_per_L,Mean_DO_percent_saturation                    0.999657
ire_pc_cse,crp_pc_cse                                          1.001787
prm_pc_cse                                                     0.999999
sgr_dk_rav                                                     1.000006
gla_pc_cse                                                     1.000000
ppd_pk_cav                                                     1.000167
for_pc_cse                                                     1.000853
pst_pc_cse                                                     1.000122
pH                                                             1.001068
Name: Avg_Rationusvr-lin0, dtype: float64
--------knn-dist---------
Feature
pre_mm_cyr,run_mm_cyr,pre_mm_cdi,tmp_dc_cdi                    1.710307
RA_SO,RA_dm,RA_ms_di,RA_ms_av,dor_pc_pva                       1.916269
gwt_cm_cav,slp_dg_cav,ele_mt_cav,tmp_dc_cyr,Mean_Temp_Deg_C    1.602576
Mean_DO_mg_per_L,Mean_DO_percent_saturation                    1.254486
ire_pc_cse,crp_pc_cse                                          1.432585
prm_pc_cse                                                     1.023711
sgr_dk_rav                                                     1.086119
gla_pc_cse                                                     1.005799
ppd_pk_cav                                                     1.069398
for_pc_cse                                                     1.613228
pst_pc_cse                                                     1.319141
pH                                                             1.295845
Name: Avg_Ratioknn-dist0, dtype: float64
--------etr---------
Feature
pre_mm_cyr,run_mm_cyr,pre_mm_cdi,tmp_dc_cdi                    1.000022
RA_SO,RA_dm,RA_ms_di,RA_ms_av,dor_pc_pva                       1.000015
gwt_cm_cav,slp_dg_cav,ele_mt_cav,tmp_dc_cyr,Mean_Temp_Deg_C    1.000349
Mean_DO_mg_per_L,Mean_DO_percent_saturation                    1.000023
ire_pc_cse,crp_pc_cse                                          1.001046
prm_pc_cse                                                     1.000000
sgr_dk_rav                                                     1.000010
gla_pc_cse                                                     1.000000
ppd_pk_cav                                                     1.000003
for_pc_cse                                                     1.003106
pst_pc_cse                                                     1.000030
pH                                                             1.000142
Name: Avg_Ratioetr0, dtype: float64
